// Jest Snapshot v1, https://goo.gl/fbAQLP

exports[`MainToggleMobile tests basic tests matches the snapshot 1`] = `
<div
  className="sc-bdVaJa eccXYu"
  id="mainToggleMobile"
>
  <div
    className="sc-bwzfXH fNOhzS"
  >
    <div
      className="sc-ifAKCX kAlYwg"
    >
      <svg
        aria-hidden="true"
        className="sc-cQFLBn dFLwdr"
        focusable="false"
        viewBox="0 0 32 32"
      >
      
      </svg>
    </div>
    <div
      className="sc-bxivhb dVFstW"
    >
      MISSING: braveRewards
    </div>
  </div>
  <div
    className="sc-htpNat cixthU"
  >
    <div
      className="sc-EHOje fhxHOS"
    >
      <div
        className="sc-dnqmqq xDmGl"
        size="large"
      >
        MISSING: off
      </div>
      <div
        className="sc-bZQynM bnLisl"
        data-test-id="toggle"
        size="large"
      >
        <div
          className="sc-gzVnrw fbapPc"
          size="large"
        />
        <div
          className="sc-htoDjs cqSVdZ"
          size="large"
          type="dark"
        />
      </div>
    </div>
  </div>
</div>
`;
