// Jest Snapshot v1, https://goo.gl/fbAQLP

exports[`MainToggle tests basic tests matches the snapshot 1`] = `
<div
  className="sc-bdVaJa fTVVDk"
  id="mainToggle"
>
  <div
    className="sc-bwzfXH fosQZX"
  >
    <div
      className="sc-bxivhb gepbvZ"
    >
      <div
        className="sc-gzVnrw bXtelh"
      >
        <svg
          aria-hidden="true"
          className="sc-bXGyLb wWrXG"
          focusable="false"
          viewBox="0 0 32 32"
        >
         
        </svg>
      </div>
      <div
        className="sc-htpNat imeFUU"
      >
        MISSING: braveRewards
      </div>
    </div>
    <div
      className="sc-htoDjs juvQWM"
    >
      <div
        className="sc-gqjmRU eGoNRt"
        size="large"
      >
        MISSING: off
      </div>
      <div
        className="sc-dnqmqq jrioFj"
        data-test-id="toggle"
        size="large"
      >
        <div
          className="sc-iwsKbI ReMKB"
          size="large"
        />
        <div
          className="sc-gZMcBi fTrUVY"
          size="large"
          type="dark"
        />
      </div>
    </div>
  </div>
  <div
    className="sc-ifAKCX isBYeA"
  >
    <span
      className="sc-EHOje iObMmT"
    >
      MISSING: serviceTextToggle
       
      <a
        className="sc-bZQynM hfcwBh"
      >
        MISSING: termsOfService
      </a>
       
      MISSING: and
       
      <a
        className="sc-bZQynM hfcwBh"
      >
        MISSING: privacyPolicy
      </a>
      .
    </span>
  </div>
</div>
`;
