// Jest Snapshot v1, https://goo.gl/fbAQLP

exports[`Amount tests basic tests matches the snapshot 1`] = `
<button
  className="sc-bdVaJa eqkOmY"
  data-test-id="amount-wrapper"
  id="amount"
  onClick={[Function]}
>
  <div
    className="sc-bwzfXH kusHlF"
    type="small"
  >
    <div
      className="sc-ifAKCX kDLBtx"
    >
      <svg
        aria-hidden="true"
        className="sc-bAeIUo iUNCsN"
        focusable="false"
        viewBox="0 0 32 32"
      >
      
      </svg>
    </div>
    <span
      className="sc-bxivhb cDFCAd"
    >
      1
    </span>
     
    <div
      className="sc-htpNat eWCEFP"
    />
  </div>
  <div
    className="sc-EHOje kKXsJW"
    type="small"
  >
    MISSING: about
     
    0.4
     
    USD
  </div>
</button>
`;
